<html>
<body>
<pre>
<h1>µVision Build Log</h1>
<h2>Project:</h2>
E:\cox\Holtek\HT32F1755_2755\cmsis_lib\cmsis_boot\example\startup_test\rvmdk\SamplePrj.uvproj
Project File Date:  02/25/2012

<h2>Output:</h2>
Build target 'sample_debug'
compiling core_cm3.c...
compiling system_ht32f175x_275x.c...
compiling main.c...
assembling startup_ht32f175x_275x.s...
linking...
Program Size: Code=1028 RO-data=32 RW-data=4 ZI-data=612  
".\obj\SamplePrj.axf" - 0 Error(s), 0 Warning(s).
Build target 'sample_release'
compiling core_cm3.c...
compiling system_ht32f175x_275x.c...
compiling main.c...
assembling startup_ht32f175x_275x.s...
*** Scatter Error: no default 'Read/Write' range selected
Target not created
Build target 'sample_release'
linking...
Program Size: Code=1028 RO-data=32 RW-data=4 ZI-data=612  
".\obj\SamplePrj.axf" - 0 Error(s), 0 Warning(s).
